<html>
<body>
<pre>
<h1>礦ision Build Log</h1>
<h2>Tool Versions:</h2>
IDE-Version: μVision V5.12.0.0
Copyright (C) 2014 ARM Ltd and ARM Germany GmbH. All rights reserved.
License Information: Microsoft Microsoft, Microsoft, LIC=D0DY8-33J5T-FIZ52-9G7W7-T25W9-LULGL
 
Tool Versions:
Toolchain:       MDK-ARM Standard  Version: 5.12.0.0
Toolchain Path:  C:\Keil_v5\ARM\ARMCC\Bin
C Compiler:      Armcc.exe V5.05 (build 41)
Assembler:       Armasm.exe V5.05 (build 41)
Linker/Locator:  ArmLink.exe V5.05 (build 41)
Library Manager: ArmAr.exe V5.05 (build 41)
Hex Converter:   FromElf.exe V5.05 (build 41)
CPU DLL:         SARMCM3.DLL V5.12.0.0
Dialog DLL:      DARMCM1.DLL V1.11.00.0
Target DLL:      UL2CM3.DLL V1.153.0.0
Dialog DLL:      TARMCM1.DLL V1.08.00.0
 
<h2>Project:</h2>
D:\zh\毕业设计\毕业设计归档\4.程序\KL46MDK_赵守阳\MDK\kl46pedometer.uvprojx
Project File Date:  04/29/2015

<h2>Output:</h2>
Rebuild target 'mkl46'
assembling startup_MKL46Z4.s...
compiling system_MKL46Z4.c...
compiling main.c...
compiling button.c...
compiling common.c...
compiling data_storage.c...
compiling dht11.c...
compiling flash.c...
compiling gpio.c...
compiling i2c0.c...
compiling isr.c...
compiling lptmr.c...
compiling mma8652fc.c...
compiling slcd.c...
compiling smc.c...
compiling step.c...
compiling systick.c...
compiling timer.c...
compiling uart.c...
linking...
Program Size: Code=20404 RO-data=448 RW-data=144 ZI-data=4760  
FromELF: creating hex file...
".\Objects\kl46pedometer.axf" - 0 Error(s), 0 Warning(s).

<h2>Collection of Component include folders:</h2>
  D:\zh\毕业设计\毕业设计归档\4.程序\KL46MDK_赵守阳\MDK\RTE
  C:\Keil_v5\ARM\PACK\Keil\Kinetis_KLxx_DFP\1.6.0\Device\Include

<h2>Collection of Component Files used:</h2>
</pre>
</body>
</html>
